≡ƒöì Testing Vertex AI Connection...

Γ£à API Key found: AIzaSyBt-ycbPv4Ua9KW...
≡ƒôª Project: bespokeethos-analytics-475007
≡ƒîì Region: Not set

≡ƒÜÇ Sending test request to Gemini 2.5 Pro...

Γ¥î ERROR: Failed to connect to Vertex AI

Error details: [GoogleGenerativeAI Error]: Error fetching from https://generativelanguage.googleapis.com/v1beta/models/gemini-1.5-pro:generateContent: [404 Not Found] models/gemini-1.5-pro is not found for API version v1beta, or is not supported for generateContent. Call ListModels to see the list of available models and their supported methods.
